../Core/Src/main.c:104:5:_write	24	static
../Core/Src/main.c:108:5:_read	24	static
../Core/Src/main.c:114:6:HAL_TIM_IC_CaptureCallback	24	static
../Core/Src/main.c:143:6:HAL_GPIO_EXTI_Callback	16	static
../Core/Src/main.c:156:5:main	40	static
../Core/Src/main.c:260:6:SystemClock_Config	88	static
../Core/Src/main.c:306:13:MX_ETH_Init	8	static
../Core/Src/main.c:355:13:MX_TIM1_Init	96	static
../Core/Src/main.c:438:13:MX_TIM2_Init	64	static
../Core/Src/main.c:497:13:MX_TIM3_Init	72	static
../Core/Src/main.c:571:13:MX_USART3_UART_Init	8	static
../Core/Src/main.c:604:13:MX_USB_OTG_FS_PCD_Init	8	static
../Core/Src/main.c:637:13:MX_DMA_Init	16	static
../Core/Src/main.c:661:13:MX_GPIO_Init	56	static
../Core/Src/main.c:730:6:Error_Handler	4	static,ignoring_inline_asm
