../Core/Src/main.c:96:5:_write	24	static
../Core/Src/main.c:100:5:_read	24	static
../Core/Src/main.c:106:6:HAL_TIM_IC_CaptureCallback	16	static
../Core/Src/main.c:124:6:HAL_GPIO_EXTI_Callback	16	static
../Core/Src/main.c:136:5:main	32	static
../Core/Src/main.c:222:6:SystemClock_Config	88	static
../Core/Src/main.c:268:13:MX_ETH_Init	8	static
../Core/Src/main.c:317:13:MX_TIM1_Init	96	static
../Core/Src/main.c:400:13:MX_TIM3_Init	72	static
../Core/Src/main.c:474:13:MX_USART3_UART_Init	8	static
../Core/Src/main.c:507:13:MX_USB_OTG_FS_PCD_Init	8	static
../Core/Src/main.c:540:13:MX_DMA_Init	16	static
../Core/Src/main.c:564:13:MX_GPIO_Init	56	static
../Core/Src/main.c:633:6:Error_Handler	4	static,ignoring_inline_asm
